ubuntu@vps-41d62757:~$ sudo docker logs bennespro_app

> rest-express@1.0.0 start
> NODE_ENV=production node dist/index.js

node:internal/errors:496
    ErrorCaptureStackTrace(err);
    ^

Error [ERR_MODULE_NOT_FOUND]: Cannot find package 'vite' imported from /app/dist/index.js
    at new NodeError (node:internal/errors:405:5)
    at packageResolve (node:internal/modules/esm/resolve:916:9)
    at moduleResolve (node:internal/modules/esm/resolve:973:20)
    at defaultResolve (node:internal/modules/esm/resolve:1206:11)
    at ModuleLoader.defaultResolve (node:internal/modules/esm/loader:404:12)
    at ModuleLoader.resolve (node:internal/modules/esm/loader:373:25)
    at ModuleLoader.getModuleJob (node:internal/modules/esm/loader:250:38)
    at ModuleWrap.<anonymous> (node:internal/modules/esm/module_job:76:39)
    at link (node:internal/modules/esm/module_job:75:36) {
  code: 'ERR_MODULE_NOT_FOUND'
}

Node.js v18.20.8
npm notice
npm notice New major version of npm available! 10.8.2 -> 11.4.2
npm notice Changelog: https://github.com/npm/cli/releases/tag/v11.4.2
npm notice To update run: npm install -g npm@11.4.2
npm notice

> rest-express@1.0.0 start
> NODE_ENV=production node dist/index.js

node:internal/errors:496
    ErrorCaptureStackTrace(err);
    ^

Error [ERR_MODULE_NOT_FOUND]: Cannot find package 'vite' imported from /app/dist/index.js
    at new NodeError (node:internal/errors:405:5)
    at packageResolve (node:internal/modules/esm/resolve:916:9)
    at moduleResolve (node:internal/modules/esm/resolve:973:20)
    at defaultResolve (node:internal/modules/esm/resolve:1206:11)
    at ModuleLoader.defaultResolve (node:internal/modules/esm/loader:404:12)
    at ModuleLoader.resolve (node:internal/modules/esm/loader:373:25)
    at ModuleLoader.getModuleJob (node:internal/modules/esm/loader:250:38)
    at ModuleWrap.<anonymous> (node:internal/modules/esm/module_job:76:39)
    at link (node:internal/modules/esm/module_job:75:36) {
  code: 'ERR_MODULE_NOT_FOUND'
}

Node.js v18.20.8

> rest-express@1.0.0 start
> NODE_ENV=production node dist/index.js

node:internal/errors:496
    ErrorCaptureStackTrace(err);
    ^

Error [ERR_MODULE_NOT_FOUND]: Cannot find package 'vite' imported from /app/dist/index.js
    at new NodeError (node:internal/errors:405:5)
    at packageResolve (node:internal/modules/esm/resolve:916:9)
    at moduleResolve (node:internal/modules/esm/resolve:973:20)
    at defaultResolve (node:internal/modules/esm/resolve:1206:11)
    at ModuleLoader.defaultResolve (node:internal/modules/esm/loader:404:12)
    at ModuleLoader.resolve (node:internal/modules/esm/loader:373:25)
    at ModuleLoader.getModuleJob (node:internal/modules/esm/loader:250:38)
    at ModuleWrap.<anonymous> (node:internal/modules/esm/module_job:76:39)
    at link (node:internal/modules/esm/module_job:75:36) {
  code: 'ERR_MODULE_NOT_FOUND'
}

Node.js v18.20.8

> rest-express@1.0.0 start
> NODE_ENV=production node dist/index.js

node:internal/errors:496
    ErrorCaptureStackTrace(err);
    ^

Error [ERR_MODULE_NOT_FOUND]: Cannot find package 'vite' imported from /app/dist/index.js
    at new NodeError (node:internal/errors:405:5)
    at packageResolve (node:internal/modules/esm/resolve:916:9)
    at moduleResolve (node:internal/modules/esm/resolve:973:20)
    at defaultResolve (node:internal/modules/esm/resolve:1206:11)
    at ModuleLoader.defaultResolve (node:internal/modules/esm/loader:404:12)
    at ModuleLoader.resolve (node:internal/modules/esm/loader:373:25)
    at ModuleLoader.getModuleJob (node:internal/modules/esm/loader:250:38)
    at ModuleWrap.<anonymous> (node:internal/modules/esm/module_job:76:39)
    at link (node:internal/modules/esm/module_job:75:36) {
  code: 'ERR_MODULE_NOT_FOUND'
}

Node.js v18.20.8

> rest-express@1.0.0 start
> NODE_ENV=production node dist/index.js

node:internal/errors:496
    ErrorCaptureStackTrace(err);
    ^

Error [ERR_MODULE_NOT_FOUND]: Cannot find package 'vite' imported from /app/dist/index.js
    at new NodeError (node:internal/errors:405:5)
    at packageResolve (node:internal/modules/esm/resolve:916:9)
    at moduleResolve (node:internal/modules/esm/resolve:973:20)
    at defaultResolve (node:internal/modules/esm/resolve:1206:11)
    at ModuleLoader.defaultResolve (node:internal/modules/esm/loader:404:12)
    at ModuleLoader.resolve (node:internal/modules/esm/loader:373:25)
    at ModuleLoader.getModuleJob (node:internal/modules/esm/loader:250:38)
    at ModuleWrap.<anonymous> (node:internal/modules/esm/module_job:76:39)
    at link (node:internal/modules/esm/module_job:75:36) {
  code: 'ERR_MODULE_NOT_FOUND'
}

Node.js v18.20.8

> rest-express@1.0.0 start
> NODE_ENV=production node dist/index.js

node:internal/errors:496
    ErrorCaptureStackTrace(err);
    ^

Error [ERR_MODULE_NOT_FOUND]: Cannot find package 'vite' imported from /app/dist/index.js
    at new NodeError (node:internal/errors:405:5)
    at packageResolve (node:internal/modules/esm/resolve:916:9)
    at moduleResolve (node:internal/modules/esm/resolve:973:20)
    at defaultResolve (node:internal/modules/esm/resolve:1206:11)
    at ModuleLoader.defaultResolve (node:internal/modules/esm/loader:404:12)
    at ModuleLoader.resolve (node:internal/modules/esm/loader:373:25)
    at ModuleLoader.getModuleJob (node:internal/modules/esm/loader:250:38)
    at ModuleWrap.<anonymous> (node:internal/modules/esm/module_job:76:39)
    at link (node:internal/modules/esm/module_job:75:36) {
  code: 'ERR_MODULE_NOT_FOUND'
}

Node.js v18.20.8

> rest-express@1.0.0 start
> NODE_ENV=production node dist/index.js

node:internal/errors:496
    ErrorCaptureStackTrace(err);
    ^

Error [ERR_MODULE_NOT_FOUND]: Cannot find package 'vite' imported from /app/dist/index.js
    at new NodeError (node:internal/errors:405:5)
    at packageResolve (node:internal/modules/esm/resolve:916:9)
    at moduleResolve (node:internal/modules/esm/resolve:973:20)
    at defaultResolve (node:internal/modules/esm/resolve:1206:11)
    at ModuleLoader.defaultResolve (node:internal/modules/esm/loader:404:12)
    at ModuleLoader.resolve (node:internal/modules/esm/loader:373:25)
    at ModuleLoader.getModuleJob (node:internal/modules/esm/loader:250:38)
    at ModuleWrap.<anonymous> (node:internal/modules/esm/module_job:76:39)
    at link (node:internal/modules/esm/module_job:75:36) {
  code: 'ERR_MODULE_NOT_FOUND'
}

Node.js v18.20.8

> rest-express@1.0.0 start
> NODE_ENV=production node dist/index.js

node:internal/errors:496
    ErrorCaptureStackTrace(err);
    ^

Error [ERR_MODULE_NOT_FOUND]: Cannot find package 'vite' imported from /app/dist/index.js
    at new NodeError (node:internal/errors:405:5)
    at packageResolve (node:internal/modules/esm/resolve:916:9)
    at moduleResolve (node:internal/modules/esm/resolve:973:20)
    at defaultResolve (node:internal/modules/esm/resolve:1206:11)
    at ModuleLoader.defaultResolve (node:internal/modules/esm/loader:404:12)
    at ModuleLoader.resolve (node:internal/modules/esm/loader:373:25)
    at ModuleLoader.getModuleJob (node:internal/modules/esm/loader:250:38)
    at ModuleWrap.<anonymous> (node:internal/modules/esm/module_job:76:39)
    at link (node:internal/modules/esm/module_job:75:36) {
  code: 'ERR_MODULE_NOT_FOUND'
}

Node.js v18.20.8

> rest-express@1.0.0 start
> NODE_ENV=production node dist/index.js

node:internal/errors:496
    ErrorCaptureStackTrace(err);
    ^

Error [ERR_MODULE_NOT_FOUND]: Cannot find package 'vite' imported from /app/dist/index.js
    at new NodeError (node:internal/errors:405:5)
    at packageResolve (node:internal/modules/esm/resolve:916:9)
    at moduleResolve (node:internal/modules/esm/resolve:973:20)
    at defaultResolve (node:internal/modules/esm/resolve:1206:11)
    at ModuleLoader.defaultResolve (node:internal/modules/esm/loader:404:12)
    at ModuleLoader.resolve (node:internal/modules/esm/loader:373:25)
    at ModuleLoader.getModuleJob (node:internal/modules/esm/loader:250:38)
    at ModuleWrap.<anonymous> (node:internal/modules/esm/module_job:76:39)
    at link (node:internal/modules/esm/module_job:75:36) {
  code: 'ERR_MODULE_NOT_FOUND'
}

Node.js v18.20.8

> rest-express@1.0.0 start
> NODE_ENV=production node dist/index.js

node:internal/errors:496
    ErrorCaptureStackTrace(err);
    ^

Error [ERR_MODULE_NOT_FOUND]: Cannot find package 'vite' imported from /app/dist/index.js
    at new NodeError (node:internal/errors:405:5)
    at packageResolve (node:internal/modules/esm/resolve:916:9)
    at moduleResolve (node:internal/modules/esm/resolve:973:20)
    at defaultResolve (node:internal/modules/esm/resolve:1206:11)
    at ModuleLoader.defaultResolve (node:internal/modules/esm/loader:404:12)
    at ModuleLoader.resolve (node:internal/modules/esm/loader:373:25)
    at ModuleLoader.getModuleJob (node:internal/modules/esm/loader:250:38)
    at ModuleWrap.<anonymous> (node:internal/modules/esm/module_job:76:39)
    at link (node:internal/modules/esm/module_job:75:36) {
  code: 'ERR_MODULE_NOT_FOUND'
}

Node.js v18.20.8
